Archive member included to satisfy reference by file (symbol)

c:/st/stm32cubeide_1.12.0/stm32cubeide/plugins/com.st.stm32cube.ide.mcu.externaltools.gnu-tools-for-stm32.10.3-2021.10.win32_1.0.200.202301161003/tools/bin/../lib/gcc/arm-none-eabi/10.3.1/../../../../arm-none-eabi/lib/thumb/v6-m/nofp\libc_nano.a(lib_a-errno.o)
                              ./Core/Src/syscalls.o (__errno)
c:/st/stm32cubeide_1.12.0/stm32cubeide/plugins/com.st.stm32cube.ide.mcu.externaltools.gnu-tools-for-stm32.10.3-2021.10.win32_1.0.200.202301161003/tools/bin/../lib/gcc/arm-none-eabi/10.3.1/../../../../arm-none-eabi/lib/thumb/v6-m/nofp\libc_nano.a(lib_a-exit.o)
                              c:/st/stm32cubeide_1.12.0/stm32cubeide/plugins/com.st.stm32cube.ide.mcu.externaltools.gnu-tools-for-stm32.10.3-2021.10.win32_1.0.200.202301161003/tools/bin/../lib/gcc/arm-none-eabi/10.3.1/../../../../arm-none-eabi/lib/thumb/v6-m/nofp/crt0.o (exit)
c:/st/stm32cubeide_1.12.0/stm32cubeide/plugins/com.st.stm32cube.ide.mcu.externaltools.gnu-tools-for-stm32.10.3-2021.10.win32_1.0.200.202301161003/tools/bin/../lib/gcc/arm-none-eabi/10.3.1/../../../../arm-none-eabi/lib/thumb/v6-m/nofp\libc_nano.a(lib_a-impure.o)
                              c:/st/stm32cubeide_1.12.0/stm32cubeide/plugins/com.st.stm32cube.ide.mcu.externaltools.gnu-tools-for-stm32.10.3-2021.10.win32_1.0.200.202301161003/tools/bin/../lib/gcc/arm-none-eabi/10.3.1/../../../../arm-none-eabi/lib/thumb/v6-m/nofp\libc_nano.a(lib_a-exit.o) (_global_impure_ptr)
c:/st/stm32cubeide_1.12.0/stm32cubeide/plugins/com.st.stm32cube.ide.mcu.externaltools.gnu-tools-for-stm32.10.3-2021.10.win32_1.0.200.202301161003/tools/bin/../lib/gcc/arm-none-eabi/10.3.1/../../../../arm-none-eabi/lib/thumb/v6-m/nofp\libc_nano.a(lib_a-init.o)
                              c:/st/stm32cubeide_1.12.0/stm32cubeide/plugins/com.st.stm32cube.ide.mcu.externaltools.gnu-tools-for-stm32.10.3-2021.10.win32_1.0.200.202301161003/tools/bin/../lib/gcc/arm-none-eabi/10.3.1/../../../../arm-none-eabi/lib/thumb/v6-m/nofp/crt0.o (__libc_init_array)
c:/st/stm32cubeide_1.12.0/stm32cubeide/plugins/com.st.stm32cube.ide.mcu.externaltools.gnu-tools-for-stm32.10.3-2021.10.win32_1.0.200.202301161003/tools/bin/../lib/gcc/arm-none-eabi/10.3.1/../../../../arm-none-eabi/lib/thumb/v6-m/nofp\libc_nano.a(lib_a-memset.o)
                              c:/st/stm32cubeide_1.12.0/stm32cubeide/plugins/com.st.stm32cube.ide.mcu.externaltools.gnu-tools-for-stm32.10.3-2021.10.win32_1.0.200.202301161003/tools/bin/../lib/gcc/arm-none-eabi/10.3.1/../../../../arm-none-eabi/lib/thumb/v6-m/nofp/crt0.o (memset)
c:/st/stm32cubeide_1.12.0/stm32cubeide/plugins/com.st.stm32cube.ide.mcu.externaltools.gnu-tools-for-stm32.10.3-2021.10.win32_1.0.200.202301161003/tools/bin/../lib/gcc/arm-none-eabi/10.3.1/thumb/v6-m/nofp\libgcc.a(_udivsi3.o)
                              ./Core/Src/adc.o (__aeabi_uidiv)
c:/st/stm32cubeide_1.12.0/stm32cubeide/plugins/com.st.stm32cube.ide.mcu.externaltools.gnu-tools-for-stm32.10.3-2021.10.win32_1.0.200.202301161003/tools/bin/../lib/gcc/arm-none-eabi/10.3.1/thumb/v6-m/nofp\libgcc.a(_dvmd_tls.o)
                              c:/st/stm32cubeide_1.12.0/stm32cubeide/plugins/com.st.stm32cube.ide.mcu.externaltools.gnu-tools-for-stm32.10.3-2021.10.win32_1.0.200.202301161003/tools/bin/../lib/gcc/arm-none-eabi/10.3.1/thumb/v6-m/nofp\libgcc.a(_udivsi3.o) (__aeabi_idiv0)

Discarded input sections

 .text          0x0000000000000000        0x0 c:/st/stm32cubeide_1.12.0/stm32cubeide/plugins/com.st.stm32cube.ide.mcu.externaltools.gnu-tools-for-stm32.10.3-2021.10.win32_1.0.200.202301161003/tools/bin/../lib/gcc/arm-none-eabi/10.3.1/thumb/v6-m/nofp/crti.o
 .data          0x0000000000000000        0x0 c:/st/stm32cubeide_1.12.0/stm32cubeide/plugins/com.st.stm32cube.ide.mcu.externaltools.gnu-tools-for-stm32.10.3-2021.10.win32_1.0.200.202301161003/tools/bin/../lib/gcc/arm-none-eabi/10.3.1/thumb/v6-m/nofp/crti.o
 .bss           0x0000000000000000        0x0 c:/st/stm32cubeide_1.12.0/stm32cubeide/plugins/com.st.stm32cube.ide.mcu.externaltools.gnu-tools-for-stm32.10.3-2021.10.win32_1.0.200.202301161003/tools/bin/../lib/gcc/arm-none-eabi/10.3.1/thumb/v6-m/nofp/crti.o
 .data          0x0000000000000000        0x4 c:/st/stm32cubeide_1.12.0/stm32cubeide/plugins/com.st.stm32cube.ide.mcu.externaltools.gnu-tools-for-stm32.10.3-2021.10.win32_1.0.200.202301161003/tools/bin/../lib/gcc/arm-none-eabi/10.3.1/thumb/v6-m/nofp/crtbegin.o
 .rodata        0x0000000000000000       0x24 c:/st/stm32cubeide_1.12.0/stm32cubeide/plugins/com.st.stm32cube.ide.mcu.externaltools.gnu-tools-for-stm32.10.3-2021.10.win32_1.0.200.202301161003/tools/bin/../lib/gcc/arm-none-eabi/10.3.1/thumb/v6-m/nofp/crtbegin.o
 .text          0x0000000000000000       0x80 c:/st/stm32cubeide_1.12.0/stm32cubeide/plugins/com.st.stm32cube.ide.mcu.externaltools.gnu-tools-for-stm32.10.3-2021.10.win32_1.0.200.202301161003/tools/bin/../lib/gcc/arm-none-eabi/10.3.1/../../../../arm-none-eabi/lib/thumb/v6-m/nofp/crt0.o
[...]
Memory Configuration

Name             Origin             Length             Attributes
RAM              0x0000000020000000 0x0000000000000800 xrw
FLASH            0x0000000008000000 0x0000000000004000 xr
*default*        0x0000000000000000 0xffffffffffffffff

Linker script and memory map

LOAD c:/st/stm32cubeide_1.12.0/stm32cubeide/plugins/com.st.stm32cube.ide.mcu.externaltools.gnu-tools-for-stm32.10.3-2021.10.win32_1.0.200.202301161003/tools/bin/../lib/gcc/arm-none-eabi/10.3.1/thumb/v6-m/nofp/crti.o
LOAD c:/st/stm32cubeide_1.12.0/stm32cubeide/plugins/com.st.stm32cube.ide.mcu.externaltools.gnu-tools-for-stm32.10.3-2021.10.win32_1.0.200.202301161003/tools/bin/../lib/gcc/arm-none-eabi/10.3.1/thumb/v6-m/nofp/crtbegin.o
LOAD c:/st/stm32cubeide_1.12.0/stm32cubeide/plugins/com.st.stm32cube.ide.mcu.externaltools.gnu-tools-for-stm32.10.3-2021.10.win32_1.0.200.202301161003/tools/bin/../lib/gcc/arm-none-eabi/10.3.1/../../../../arm-none-eabi/lib/thumb/v6-m/nofp/crt0.o
LOAD ./Core/Src/Led.o
LOAD ./Core/Src/TimeBase.o
LOAD ./Core/Src/adc.o
LOAD ./Core/Src/gpio.o
LOAD ./Core/Src/main.o
LOAD ./Core/Src/spi.o
LOAD ./Core/Src/stm32l0xx_it.o
LOAD ./Core/Src/syscalls.o
LOAD ./Core/Src/sysmem.o
LOAD ./Core/Src/system_stm32l0xx.o
LOAD ./Core/Src/tim.o
LOAD ./Core/Src/usart.o
LOAD ./Core/Startup/startup_stm32l021k4tx.o
LOAD ./Drivers/STM32L0xx_HAL_Driver/Src/stm32l0xx_ll_adc.o
LOAD ./Drivers/STM32L0xx_HAL_Driver/Src/stm32l0xx_ll_dma.o
LOAD ./Drivers/STM32L0xx_HAL_Driver/Src/stm32l0xx_ll_exti.o
LOAD ./Drivers/STM32L0xx_HAL_Driver/Src/stm32l0xx_ll_gpio.o
LOAD ./Drivers/STM32L0xx_HAL_Driver/Src/stm32l0xx_ll_pwr.o
LOAD ./Drivers/STM32L0xx_HAL_Driver/Src/stm32l0xx_ll_rcc.o
LOAD ./Drivers/STM32L0xx_HAL_Driver/Src/stm32l0xx_ll_spi.o
LOAD ./Drivers/STM32L0xx_HAL_Driver/Src/stm32l0xx_ll_tim.o
LOAD ./Drivers/STM32L0xx_HAL_Driver/Src/stm32l0xx_ll_usart.o
LOAD ./Drivers/STM32L0xx_HAL_Driver/Src/stm32l0xx_ll_utils.o
START GROUP
LOAD c:/st/stm32cubeide_1.12.0/stm32cubeide/plugins/com.st.stm32cube.ide.mcu.externaltools.gnu-tools-for-stm32.10.3-2021.10.win32_1.0.200.202301161003/tools/bin/../lib/gcc/arm-none-eabi/10.3.1/../../../../arm-none-eabi/lib/thumb/v6-m/nofp\libc_nano.a
LOAD c:/st/stm32cubeide_1.12.0/stm32cubeide/plugins/com.st.stm32cube.ide.mcu.externaltools.gnu-tools-for-stm32.10.3-2021.10.win32_1.0.200.202301161003/tools/bin/../lib/gcc/arm-none-eabi/10.3.1/../../../../arm-none-eabi/lib/thumb/v6-m/nofp\libm.a
END GROUP
START GROUP
LOAD c:/st/stm32cubeide_1.12.0/stm32cubeide/plugins/com.st.stm32cube.ide.mcu.externaltools.gnu-tools-for-stm32.10.3-2021.10.win32_1.0.200.202301161003/tools/bin/../lib/gcc/arm-none-eabi/10.3.1/thumb/v6-m/nofp\libgcc.a
LOAD c:/st/stm32cubeide_1.12.0/stm32cubeide/plugins/com.st.stm32cube.ide.mcu.externaltools.gnu-tools-for-stm32.10.3-2021.10.win32_1.0.200.202301161003/tools/bin/../lib/gcc/arm-none-eabi/10.3.1/../../../../arm-none-eabi/lib/thumb/v6-m/nofp\libc_nano.a
END GROUP
START GROUP
LOAD c:/st/stm32cubeide_1.12.0/stm32cubeide/plugins/com.st.stm32cube.ide.mcu.externaltools.gnu-tools-for-stm32.10.3-2021.10.win32_1.0.200.202301161003/tools/bin/../lib/gcc/arm-none-eabi/10.3.1/thumb/v6-m/nofp\libgcc.a
LOAD c:/st/stm32cubeide_1.12.0/stm32cubeide/plugins/com.st.stm32cube.ide.mcu.externaltools.gnu-tools-for-stm32.10.3-2021.10.win32_1.0.200.202301161003/tools/bin/../lib/gcc/arm-none-eabi/10.3.1/../../../../arm-none-eabi/lib/thumb/v6-m/nofp\libc_nano.a
LOAD c:/st/stm32cubeide_1.12.0/stm32cubeide/plugins/com.st.stm32cube.ide.mcu.externaltools.gnu-tools-for-stm32.10.3-2021.10.win32_1.0.200.202301161003/tools/bin/../lib/gcc/arm-none-eabi/10.3.1/../../../../arm-none-eabi/lib/thumb/v6-m/nofp\libnosys.a
END GROUP
START GROUP
LOAD c:/st/stm32cubeide_1.12.0/stm32cubeide/plugins/com.st.stm32cube.ide.mcu.externaltools.gnu-tools-for-stm32.10.3-2021.10.win32_1.0.200.202301161003/tools/bin/../lib/gcc/arm-none-eabi/10.3.1/thumb/v6-m/nofp\libgcc.a
LOAD c:/st/stm32cubeide_1.12.0/stm32cubeide/plugins/com.st.stm32cube.ide.mcu.externaltools.gnu-tools-for-stm32.10.3-2021.10.win32_1.0.200.202301161003/tools/bin/../lib/gcc/arm-none-eabi/10.3.1/../../../../arm-none-eabi/lib/thumb/v6-m/nofp\libc_nano.a
LOAD c:/st/stm32cubeide_1.12.0/stm32cubeide/plugins/com.st.stm32cube.ide.mcu.externaltools.gnu-tools-for-stm32.10.3-2021.10.win32_1.0.200.202301161003/tools/bin/../lib/gcc/arm-none-eabi/10.3.1/../../../../arm-none-eabi/lib/thumb/v6-m/nofp\libnosys.a
END GROUP
LOAD c:/st/stm32cubeide_1.12.0/stm32cubeide/plugins/com.st.stm32cube.ide.mcu.externaltools.gnu-tools-for-stm32.10.3-2021.10.win32_1.0.200.202301161003/tools/bin/../lib/gcc/arm-none-eabi/10.3.1/thumb/v6-m/nofp/crtend.o
LOAD c:/st/stm32cubeide_1.12.0/stm32cubeide/plugins/com.st.stm32cube.ide.mcu.externaltools.gnu-tools-for-stm32.10.3-2021.10.win32_1.0.200.202301161003/tools/bin/../lib/gcc/arm-none-eabi/10.3.1/thumb/v6-m/nofp/crtn.o
                0x0000000020000800                _estack = (ORIGIN (RAM) + LENGTH (RAM))
                0x0000000000000200                _Min_Heap_Size = 0x200
                0x0000000000000400                _Min_Stack_Size = 0x400

.isr_vector     0x0000000008000000       0xc0
                0x0000000008000000                . = ALIGN (0x4)
 *(.isr_vector)
 .isr_vector    0x0000000008000000       0xc0 ./Core/Startup/startup_stm32l021k4tx.o
                0x0000000008000000                g_pfnVectors
                0x00000000080000c0                . = ALIGN (0x4)

.text           0x00000000080000c0     0x1eb4
                0x00000000080000c0                . = ALIGN (0x4)
 *(.text)
 .text          0x00000000080000c0       0x48 c:/st/stm32cubeide_1.12.0/stm32cubeide/plugins/com.st.stm32cube.ide.mcu.externaltools.gnu-tools-for-stm32.10.3-2021.10.win32_1.0.200.202301161003/tools/bin/../lib/gcc/arm-none-eabi/10.3.1/thumb/v6-m/nofp/crtbegin.o
 .text          0x0000000008000108      0x114 c:/st/stm32cubeide_1.12.0/stm32cubeide/plugins/com.st.stm32cube.ide.mcu.externaltools.gnu-tools-for-stm32.10.3-2021.10.win32_1.0.200.202301161003/tools/bin/../lib/gcc/arm-none-eabi/10.3.1/thumb/v6-m/nofp\libgcc.a(_udivsi3.o)
                0x0000000008000108                __aeabi_uidiv
                0x0000000008000108                __udivsi3
                0x0000000008000214                __aeabi_uidivmod
 .text          0x000000000800021c        0x4 c:/st/stm32cubeide_1.12.0/stm32cubeide/plugins/com.st.stm32cube.ide.mcu.externaltools.gnu-tools-for-stm32.10.3-2021.10.win32_1.0.200.202301161003/tools/bin/../lib/gcc/arm-none-eabi/10.3.1/thumb/v6-m/nofp\libgcc.a(_dvmd_tls.o)
                0x000000000800021c                __aeabi_idiv0
                0x000000000800021c                __aeabi_ldiv0
 *(.text*)
 .text.LL_TIM_EnableCounter
                0x0000000008000220       0x1c ./Core/Src/Led.o
 .text.LL_TIM_CC_EnableChannel
                0x000000000800023c       0x1e ./Core/Src/Led.o
 .text.LL_TIM_OC_SetCompareCH1
                0x000000000800025a       0x18 ./Core/Src/Led.o
 .text.LedStart
                0x0000000008000272       0x20 ./Core/Src/Led.o
                0x0000000008000272                LedStart
 .text.LedSetValue
                0x0000000008000292       0x24 ./Core/Src/Led.o
                0x0000000008000292                LedSetValue
 *fill*         0x00000000080002b6        0x2 
 .text.LedPulse
                0x00000000080002b8       0x58 ./Core/Src/Led.o
                0x00000000080002b8                LedPulse
 .text.LL_ADC_SetCommonFrequencyMode
                0x0000000008000310       0x28 ./Core/Src/adc.o
 .text.LL_ADC_SetSamplingTimeCommonChannels
                0x0000000008000338       0x24 ./Core/Src/adc.o
 .text.LL_ADC_REG_SetSequencerScanDirection
                0x000000000800035c       0x24 ./Core/Src/adc.o
 .text.LL_ADC_REG_SetSequencerChAdd
                0x0000000008000380       0x22 ./Core/Src/adc.o
 .text.LL_ADC_SetOverSamplingScope
                0x00000000080003a2       0x24 ./Core/Src/adc.o
 *fill*         0x00000000080003c6        0x2 
 .text.LL_ADC_EnableInternalRegulator
                0x00000000080003c8       0x28 ./Core/Src/adc.o
 .text.LL_ADC_DisableIT_EOC
                0x00000000080003f0       0x1e ./Core/Src/adc.o
 .text.LL_ADC_DisableIT_EOS
                0x000000000800040e       0x1e ./Core/Src/adc.o
 .text.LL_APB2_GRP1_EnableClock
                0x000000000800042c       0x2c ./Core/Src/adc.o
 .text.LL_IOP_GRP1_EnableClock
                0x0000000008000458       0x2c ./Core/Src/adc.o
 .text.MX_ADC_Init
                0x0000000008000484      0x154 ./Core/Src/adc.o
                0x0000000008000484                MX_ADC_Init
 .text.LL_IOP_GRP1_EnableClock
                0x00000000080005d8       0x2c ./Core/Src/gpio.o
 .text.LL_GPIO_ResetOutputPin
                0x0000000008000604       0x18 ./Core/Src/gpio.o
 .text.MX_GPIO_Init
                0x000000000800061c       0x92 ./Core/Src/gpio.o
                0x000000000800061c                MX_GPIO_Init
 *fill*         0x00000000080006ae        0x2 
 .text.__NVIC_SetPriority
                0x00000000080006b0       0xdc ./Core/Src/main.o
 .text.LL_RCC_HSI_Enable
                0x000000000800078c       0x1c ./Core/Src/main.o
 .text.LL_RCC_HSI_IsReady
                0x00000000080007a8       0x20 ./Core/Src/main.o
 .text.LL_RCC_HSI_SetCalibTrimming
                0x00000000080007c8       0x2c ./Core/Src/main.o
 .text.LL_RCC_SetSysClkSource
                0x00000000080007f4       0x28 ./Core/Src/main.o
 .text.LL_RCC_GetSysClkSource
                0x000000000800081c       0x18 ./Core/Src/main.o
 .text.LL_RCC_SetAHBPrescaler
                0x0000000008000834       0x28 ./Core/Src/main.o
 .text.LL_RCC_SetAPB1Prescaler
                0x000000000800085c       0x2c ./Core/Src/main.o
 .text.LL_RCC_SetAPB2Prescaler
                0x0000000008000888       0x2c ./Core/Src/main.o
 .text.LL_RCC_SetUSARTClockSource
                0x00000000080008b4       0x30 ./Core/Src/main.o
 .text.LL_APB1_GRP1_EnableClock
                0x00000000080008e4       0x2c ./Core/Src/main.o
 .text.LL_APB2_GRP1_EnableClock
                0x0000000008000910       0x2c ./Core/Src/main.o
 .text.LL_FLASH_SetLatency
                0x000000000800093c       0x28 ./Core/Src/main.o
 .text.LL_FLASH_GetLatency
                0x0000000008000964       0x18 ./Core/Src/main.o
 .text.LL_PWR_SetRegulVoltageScaling
                0x000000000800097c       0x2c ./Core/Src/main.o
 .text.main     0x00000000080009a8       0x48 ./Core/Src/main.o
                0x00000000080009a8                main
 .text.SystemClock_Config
                0x00000000080009f0       0x7c ./Core/Src/main.o
                0x00000000080009f0                SystemClock_Config
 .text.LL_APB2_GRP1_EnableClock
                0x0000000008000a6c       0x2c ./Core/Src/spi.o
 .text.LL_IOP_GRP1_EnableClock
                0x0000000008000a98       0x2c ./Core/Src/spi.o
 .text.LL_SPI_SetStandard
                0x0000000008000ac4       0x24 ./Core/Src/spi.o
 .text.MX_SPI1_Init
                0x0000000008000ae8      0x130 ./Core/Src/spi.o
                0x0000000008000ae8                MX_SPI1_Init
 .text.NMI_Handler
                0x0000000008000c18        0x6 ./Core/Src/stm32l0xx_it.o
                0x0000000008000c18                NMI_Handler
 .text.HardFault_Handler
                0x0000000008000c1e        0x6 ./Core/Src/stm32l0xx_it.o
                0x0000000008000c1e                HardFault_Handler
 .text.SVC_Handler
                0x0000000008000c24        0xa ./Core/Src/stm32l0xx_it.o
                0x0000000008000c24                SVC_Handler
 .text.PendSV_Handler
                0x0000000008000c2e        0xa ./Core/Src/stm32l0xx_it.o
                0x0000000008000c2e                PendSV_Handler
 .text.SysTick_Handler
                0x0000000008000c38        0xa ./Core/Src/stm32l0xx_it.o
                0x0000000008000c38                SysTick_Handler
 .text.SystemInit
                0x0000000008000c42        0xa ./Core/Src/system_stm32l0xx.o
                0x0000000008000c42                SystemInit
 .text.LL_APB1_GRP1_EnableClock
                0x0000000008000c4c       0x2c ./Core/Src/tim.o
 .text.LL_IOP_GRP1_EnableClock
                0x0000000008000c78       0x2c ./Core/Src/tim.o
 .text.LL_TIM_DisableARRPreload
                0x0000000008000ca4       0x1e ./Core/Src/tim.o
 *fill*         0x0000000008000cc2        0x2 
 .text.LL_TIM_OC_DisableFast
                0x0000000008000cc4       0x70 ./Core/Src/tim.o
 .text.LL_TIM_OC_EnablePreload
                0x0000000008000d34       0x70 ./Core/Src/tim.o
 .text.LL_TIM_SetClockSource
                0x0000000008000da4       0x28 ./Core/Src/tim.o
 .text.LL_TIM_SetTriggerOutput
                0x0000000008000dcc       0x24 ./Core/Src/tim.o
 .text.LL_TIM_DisableMasterSlaveMode
                0x0000000008000df0       0x1e ./Core/Src/tim.o
 .text.MX_TIM2_Init
                0x0000000008000e0e      0x10e ./Core/Src/tim.o
                0x0000000008000e0e                MX_TIM2_Init
 .text.LL_APB1_GRP1_EnableClock
                0x0000000008000f1c       0x2c ./Core/Src/usart.o
 .text.LL_IOP_GRP1_EnableClock
                0x0000000008000f48       0x2c ./Core/Src/usart.o
 .text.LL_USART_Enable
                0x0000000008000f74       0x1c ./Core/Src/usart.o
 .text.LL_USART_ConfigAsyncMode
                0x0000000008000f90       0x30 ./Core/Src/usart.o
 .text.MX_USART2_UART_Init
                0x0000000008000fc0       0xf0 ./Core/Src/usart.o
                0x0000000008000fc0                MX_USART2_UART_Init
 .text.Reset_Handler
                0x00000000080010b0       0x80 ./Core/Startup/startup_stm32l021k4tx.o
                0x00000000080010b0                Reset_Handler
 .text.Default_Handler
                0x0000000008001130        0x2 ./Core/Startup/startup_stm32l021k4tx.o
                0x0000000008001130                ADC1_COMP_IRQHandler
                0x0000000008001130                PVD_IRQHandler
                0x0000000008001130                I2C1_IRQHandler
                0x0000000008001130                SPI1_IRQHandler
                0x0000000008001130                EXTI2_3_IRQHandler
                0x0000000008001130                AES_LPUART1_IRQHandler
                0x0000000008001130                RTC_IRQHandler
                0x0000000008001130                EXTI4_15_IRQHandler
                0x0000000008001130                RCC_IRQHandler
                0x0000000008001130                DMA1_Channel1_IRQHandler
                0x0000000008001130                Default_Handler
                0x0000000008001130                DMA1_Channel4_5_IRQHandler
                0x0000000008001130                EXTI0_1_IRQHandler
                0x0000000008001130                TIM21_IRQHandler
                0x0000000008001130                WWDG_IRQHandler
                0x0000000008001130                TIM2_IRQHandler
                0x0000000008001130                DMA1_Channel2_3_IRQHandler
                0x0000000008001130                USART2_IRQHandler
                0x0000000008001130                FLASH_IRQHandler
                0x0000000008001130                LPTIM1_IRQHandler
 .text.LL_ADC_IsEnabled
                0x0000000008001132       0x20 ./Drivers/STM32L0xx_HAL_Driver/Src/stm32l0xx_ll_adc.o
 *fill*         0x0000000008001152        0x2 
 .text.LL_ADC_Init
                0x0000000008001154       0x6c ./Drivers/STM32L0xx_HAL_Driver/Src/stm32l0xx_ll_adc.o
                0x0000000008001154                LL_ADC_Init
 .text.LL_ADC_REG_Init
                0x00000000080011c0       0x64 ./Drivers/STM32L0xx_HAL_Driver/Src/stm32l0xx_ll_adc.o
                0x00000000080011c0                LL_ADC_REG_Init
 .text.LL_GPIO_SetPinMode
                0x0000000008001224       0x38 ./Drivers/STM32L0xx_HAL_Driver/Src/stm32l0xx_ll_gpio.o
 .text.LL_GPIO_SetPinOutputType
                0x000000000800125c       0x2a ./Drivers/STM32L0xx_HAL_Driver/Src/stm32l0xx_ll_gpio.o
 .text.LL_GPIO_SetPinSpeed
                0x0000000008001286       0x38 ./Drivers/STM32L0xx_HAL_Driver/Src/stm32l0xx_ll_gpio.o
 .text.LL_GPIO_SetPinPull
                0x00000000080012be       0x38 ./Drivers/STM32L0xx_HAL_Driver/Src/stm32l0xx_ll_gpio.o
 .text.LL_GPIO_SetAFPin_0_7
                0x00000000080012f6       0x46 ./Drivers/STM32L0xx_HAL_Driver/Src/stm32l0xx_ll_gpio.o
 .text.LL_GPIO_SetAFPin_8_15
                0x000000000800133c       0x5a ./Drivers/STM32L0xx_HAL_Driver/Src/stm32l0xx_ll_gpio.o
 .text.LL_GPIO_Init
                0x0000000008001396       0xbc ./Drivers/STM32L0xx_HAL_Driver/Src/stm32l0xx_ll_gpio.o
                0x0000000008001396                LL_GPIO_Init
 *fill*         0x0000000008001452        0x2 
 .text.LL_RCC_HSI_IsReady
                0x0000000008001454       0x20 ./Drivers/STM32L0xx_HAL_Driver/Src/stm32l0xx_ll_rcc.o
 .text.LL_RCC_LSE_IsReady
                0x0000000008001474       0x28 ./Drivers/STM32L0xx_HAL_Driver/Src/stm32l0xx_ll_rcc.o
 .text.LL_RCC_MSI_GetRange
                0x000000000800149c       0x18 ./Drivers/STM32L0xx_HAL_Driver/Src/stm32l0xx_ll_rcc.o
 .text.LL_RCC_GetSysClkSource
                0x00000000080014b4       0x18 ./Drivers/STM32L0xx_HAL_Driver/Src/stm32l0xx_ll_rcc.o
 .text.LL_RCC_GetAHBPrescaler
                0x00000000080014cc       0x18 ./Drivers/STM32L0xx_HAL_Driver/Src/stm32l0xx_ll_rcc.o
 .text.LL_RCC_GetAPB1Prescaler
                0x00000000080014e4       0x18 ./Drivers/STM32L0xx_HAL_Driver/Src/stm32l0xx_ll_rcc.o
 .text.LL_RCC_GetUSARTClockSource
                0x00000000080014fc       0x24 ./Drivers/STM32L0xx_HAL_Driver/Src/stm32l0xx_ll_rcc.o
 .text.LL_RCC_PLL_GetMainSource
                0x0000000008001520       0x18 ./Drivers/STM32L0xx_HAL_Driver/Src/stm32l0xx_ll_rcc.o
 .text.LL_RCC_PLL_GetMultiplicator
                0x0000000008001538       0x18 ./Drivers/STM32L0xx_HAL_Driver/Src/stm32l0xx_ll_rcc.o
 .text.LL_RCC_PLL_GetDivider
                0x0000000008001550       0x18 ./Drivers/STM32L0xx_HAL_Driver/Src/stm32l0xx_ll_rcc.o
 .text.LL_RCC_IsActiveFlag_HSIDIV
                0x0000000008001568       0x20 ./Drivers/STM32L0xx_HAL_Driver/Src/stm32l0xx_ll_rcc.o
 .text.LL_RCC_GetUSARTClockFreq
                0x0000000008001588       0xb0 ./Drivers/STM32L0xx_HAL_Driver/Src/stm32l0xx_ll_rcc.o
                0x0000000008001588                LL_RCC_GetUSARTClockFreq
 .text.RCC_GetSystemClockFreq
                0x0000000008001638       0x88 ./Drivers/STM32L0xx_HAL_Driver/Src/stm32l0xx_ll_rcc.o
 .text.RCC_GetHCLKClockFreq
                0x00000000080016c0       0x2c ./Drivers/STM32L0xx_HAL_Driver/Src/stm32l0xx_ll_rcc.o
 .text.RCC_GetPCLK1ClockFreq
                0x00000000080016ec       0x28 ./Drivers/STM32L0xx_HAL_Driver/Src/stm32l0xx_ll_rcc.o
 .text.RCC_PLL_GetFreqDomain_SYS
                0x0000000008001714       0x70 ./Drivers/STM32L0xx_HAL_Driver/Src/stm32l0xx_ll_rcc.o
 .text.LL_SPI_IsEnabled
                0x0000000008001784       0x22 ./Drivers/STM32L0xx_HAL_Driver/Src/stm32l0xx_ll_spi.o
 .text.LL_SPI_SetCRCPolynomial
                0x00000000080017a6       0x1c ./Drivers/STM32L0xx_HAL_Driver/Src/stm32l0xx_ll_spi.o
 *fill*         0x00000000080017c2        0x2 
 .text.LL_SPI_Init
                0x00000000080017c4       0xac ./Drivers/STM32L0xx_HAL_Driver/Src/stm32l0xx_ll_spi.o
                0x00000000080017c4                LL_SPI_Init
 .text.LL_TIM_SetPrescaler
                0x0000000008001870       0x18 ./Drivers/STM32L0xx_HAL_Driver/Src/stm32l0xx_ll_tim.o
 .text.LL_TIM_SetAutoReload
                0x0000000008001888       0x18 ./Drivers/STM32L0xx_HAL_Driver/Src/stm32l0xx_ll_tim.o
 .text.LL_TIM_OC_SetCompareCH1
                0x00000000080018a0       0x18 ./Drivers/STM32L0xx_HAL_Driver/Src/stm32l0xx_ll_tim.o
 .text.LL_TIM_OC_SetCompareCH2
                0x00000000080018b8       0x18 ./Drivers/STM32L0xx_HAL_Driver/Src/stm32l0xx_ll_tim.o
 .text.LL_TIM_OC_SetCompareCH3
                0x00000000080018d0       0x18 ./Drivers/STM32L0xx_HAL_Driver/Src/stm32l0xx_ll_tim.o
 .text.LL_TIM_OC_SetCompareCH4
                0x00000000080018e8       0x18 ./Drivers/STM32L0xx_HAL_Driver/Src/stm32l0xx_ll_tim.o
 .text.LL_TIM_GenerateEvent_UPDATE
                0x0000000008001900       0x1c ./Drivers/STM32L0xx_HAL_Driver/Src/stm32l0xx_ll_tim.o
 .text.LL_TIM_Init
                0x000000000800191c       0x90 ./Drivers/STM32L0xx_HAL_Driver/Src/stm32l0xx_ll_tim.o
                0x000000000800191c                LL_TIM_Init
 .text.LL_TIM_OC_Init
                0x00000000080019ac       0xb2 ./Drivers/STM32L0xx_HAL_Driver/Src/stm32l0xx_ll_tim.o
                0x00000000080019ac                LL_TIM_OC_Init
 .text.OC1Config
                0x0000000008001a5e       0x8c ./Drivers/STM32L0xx_HAL_Driver/Src/stm32l0xx_ll_tim.o
 *fill*         0x0000000008001aea        0x2 
 .text.OC2Config
                0x0000000008001aec       0x98 ./Drivers/STM32L0xx_HAL_Driver/Src/stm32l0xx_ll_tim.o
 .text.OC3Config
                0x0000000008001b84       0x94 ./Drivers/STM32L0xx_HAL_Driver/Src/stm32l0xx_ll_tim.o
 .text.OC4Config
                0x0000000008001c18       0x9c ./Drivers/STM32L0xx_HAL_Driver/Src/stm32l0xx_ll_tim.o
 .text.LL_USART_IsEnabled
                0x0000000008001cb4       0x22 ./Drivers/STM32L0xx_HAL_Driver/Src/stm32l0xx_ll_usart.o
 *fill*         0x0000000008001cd6        0x2 
 .text.LL_USART_SetStopBitsLength
                0x0000000008001cd8       0x28 ./Drivers/STM32L0xx_HAL_Driver/Src/stm32l0xx_ll_usart.o
 .text.LL_USART_SetHWFlowCtrl
                0x0000000008001d00       0x28 ./Drivers/STM32L0xx_HAL_Driver/Src/stm32l0xx_ll_usart.o
 .text.LL_USART_SetBaudRate
                0x0000000008001d28       0x78 ./Drivers/STM32L0xx_HAL_Driver/Src/stm32l0xx_ll_usart.o
 .text.LL_USART_Init
                0x0000000008001da0       0xb0 ./Drivers/STM32L0xx_HAL_Driver/Src/stm32l0xx_ll_usart.o
                0x0000000008001da0                LL_USART_Init
 .text.LL_InitTick
                0x0000000008001e50       0x34 ./Drivers/STM32L0xx_HAL_Driver/Src/stm32l0xx_ll_utils.o
 .text.LL_Init1msTick
                0x0000000008001e84       0x1e ./Drivers/STM32L0xx_HAL_Driver/Src/stm32l0xx_ll_utils.o
                0x0000000008001e84                LL_Init1msTick
 *fill*         0x0000000008001ea2        0x2 
 .text.LL_mDelay
                0x0000000008001ea4       0x44 ./Drivers/STM32L0xx_HAL_Driver/Src/stm32l0xx_ll_utils.o
                0x0000000008001ea4                LL_mDelay
 .text.LL_SetSystemCoreClock
                0x0000000008001ee8       0x1c ./Drivers/STM32L0xx_HAL_Driver/Src/stm32l0xx_ll_utils.o
                0x0000000008001ee8                LL_SetSystemCoreClock
 .text.__libc_init_array
                0x0000000008001f04       0x48 c:/st/stm32cubeide_1.12.0/stm32cubeide/plugins/com.st.stm32cube.ide.mcu.externaltools.gnu-tools-for-stm32.10.3-2021.10.win32_1.0.200.202301161003/tools/bin/../lib/gcc/arm-none-eabi/10.3.1/../../../../arm-none-eabi/lib/thumb/v6-m/nofp\libc_nano.a(lib_a-init.o)
                0x0000000008001f04                __libc_init_array
 .text.memset   0x0000000008001f4c       0x10 c:/st/stm32cubeide_1.12.0/stm32cubeide/plugins/com.st.stm32cube.ide.mcu.externaltools.gnu-tools-for-stm32.10.3-2021.10.win32_1.0.200.202301161003/tools/bin/../lib/gcc/arm-none-eabi/10.3.1/../../../../arm-none-eabi/lib/thumb/v6-m/nofp\libc_nano.a(lib_a-memset.o)
                0x0000000008001f4c                memset
 *(.glue_7)
 .glue_7        0x0000000008001f5c        0x0 linker stubs
 *(.glue_7t)
 .glue_7t       0x0000000008001f5c        0x0 linker stubs
 *(.eh_frame)
 .eh_frame      0x0000000008001f5c        0x0 c:/st/stm32cubeide_1.12.0/stm32cubeide/plugins/com.st.stm32cube.ide.mcu.externaltools.gnu-tools-for-stm32.10.3-2021.10.win32_1.0.200.202301161003/tools/bin/../lib/gcc/arm-none-eabi/10.3.1/thumb/v6-m/nofp/crtbegin.o
 *(.init)
 .init          0x0000000008001f5c        0x4 c:/st/stm32cubeide_1.12.0/stm32cubeide/plugins/com.st.stm32cube.ide.mcu.externaltools.gnu-tools-for-stm32.10.3-2021.10.win32_1.0.200.202301161003/tools/bin/../lib/gcc/arm-none-eabi/10.3.1/thumb/v6-m/nofp/crti.o
                0x0000000008001f5c                _init
 .init          0x0000000008001f60        0x8 c:/st/stm32cubeide_1.12.0/stm32cubeide/plugins/com.st.stm32cube.ide.mcu.externaltools.gnu-tools-for-stm32.10.3-2021.10.win32_1.0.200.202301161003/tools/bin/../lib/gcc/arm-none-eabi/10.3.1/thumb/v6-m/nofp/crtn.o
 *(.fini)
 .fini          0x0000000008001f68        0x4 c:/st/stm32cubeide_1.12.0/stm32cubeide/plugins/com.st.stm32cube.ide.mcu.externaltools.gnu-tools-for-stm32.10.3-2021.10.win32_1.0.200.202301161003/tools/bin/../lib/gcc/arm-none-eabi/10.3.1/thumb/v6-m/nofp/crti.o
                0x0000000008001f68                _fini
 .fini          0x0000000008001f6c        0x8 c:/st/stm32cubeide_1.12.0/stm32cubeide/plugins/com.st.stm32cube.ide.mcu.externaltools.gnu-tools-for-stm32.10.3-2021.10.win32_1.0.200.202301161003/tools/bin/../lib/gcc/arm-none-eabi/10.3.1/thumb/v6-m/nofp/crtn.o
                0x0000000008001f74                . = ALIGN (0x4)
                0x0000000008001f74                _etext = .

.vfp11_veneer   0x0000000008001f74        0x0
 .vfp11_veneer  0x0000000008001f74        0x0 linker stubs

.v4_bx          0x0000000008001f74        0x0
 .v4_bx         0x0000000008001f74        0x0 linker stubs

.iplt           0x0000000008001f74        0x0
 .iplt          0x0000000008001f74        0x0 c:/st/stm32cubeide_1.12.0/stm32cubeide/plugins/com.st.stm32cube.ide.mcu.externaltools.gnu-tools-for-stm32.10.3-2021.10.win32_1.0.200.202301161003/tools/bin/../lib/gcc/arm-none-eabi/10.3.1/thumb/v6-m/nofp/crtbegin.o

.rodata         0x0000000008001f74       0x34
                0x0000000008001f74                . = ALIGN (0x4)
 *(.rodata)
 *(.rodata*)
 .rodata.AHBPrescTable
                0x0000000008001f74       0x10 ./Core/Src/system_stm32l0xx.o
                0x0000000008001f74                AHBPrescTable
 .rodata.APBPrescTable
                0x0000000008001f84        0x8 ./Core/Src/system_stm32l0xx.o
                0x0000000008001f84                APBPrescTable
 .rodata.PLLMulTable
                0x0000000008001f8c        0x9 ./Core/Src/system_stm32l0xx.o
                0x0000000008001f8c                PLLMulTable
 *fill*         0x0000000008001f95        0x3 
 .rodata.OFFSET_TAB_CCMRx
                0x0000000008001f98        0x7 ./Core/Src/tim.o
 *fill*         0x0000000008001f9f        0x1 
 .rodata.SHIFT_TAB_OCxx
                0x0000000008001fa0        0x7 ./Core/Src/tim.o
                0x0000000008001fa8                . = ALIGN (0x4)
 *fill*         0x0000000008001fa7        0x1 

.rel.dyn        0x0000000008001fa8        0x0
 .rel.iplt      0x0000000008001fa8        0x0 c:/st/stm32cubeide_1.12.0/stm32cubeide/plugins/com.st.stm32cube.ide.mcu.externaltools.gnu-tools-for-stm32.10.3-2021.10.win32_1.0.200.202301161003/tools/bin/../lib/gcc/arm-none-eabi/10.3.1/thumb/v6-m/nofp/crtbegin.o

.ARM.extab      0x0000000008001fa8        0x0
                0x0000000008001fa8                . = ALIGN (0x4)
 *(.ARM.extab* .gnu.linkonce.armextab.*)
                0x0000000008001fa8                . = ALIGN (0x4)

.ARM            0x0000000008001fa8        0x0
                0x0000000008001fa8                . = ALIGN (0x4)
                0x0000000008001fa8                __exidx_start = .
 *(.ARM.exidx*)
                0x0000000008001fa8                __exidx_end = .
                0x0000000008001fa8                . = ALIGN (0x4)

.preinit_array  0x0000000008001fa8        0x0
                0x0000000008001fa8                . = ALIGN (0x4)
                0x0000000008001fa8                PROVIDE (__preinit_array_start = .)
 *(.preinit_array*)
                0x0000000008001fa8                PROVIDE (__preinit_array_end = .)
                0x0000000008001fa8                . = ALIGN (0x4)

.init_array     0x0000000008001fa8        0x4
                0x0000000008001fa8                . = ALIGN (0x4)
                0x0000000008001fa8                PROVIDE (__init_array_start = .)
 *(SORT_BY_NAME(.init_array.*))
 *(.init_array*)
 .init_array    0x0000000008001fa8        0x4 c:/st/stm32cubeide_1.12.0/stm32cubeide/plugins/com.st.stm32cube.ide.mcu.externaltools.gnu-tools-for-stm32.10.3-2021.10.win32_1.0.200.202301161003/tools/bin/../lib/gcc/arm-none-eabi/10.3.1/thumb/v6-m/nofp/crtbegin.o
                0x0000000008001fac                PROVIDE (__init_array_end = .)
                0x0000000008001fac                . = ALIGN (0x4)

.fini_array     0x0000000008001fac        0x4
                0x0000000008001fac                . = ALIGN (0x4)
                [!provide]                        PROVIDE (__fini_array_start = .)
 *(SORT_BY_NAME(.fini_array.*))
 *(.fini_array*)
 .fini_array    0x0000000008001fac        0x4 c:/st/stm32cubeide_1.12.0/stm32cubeide/plugins/com.st.stm32cube.ide.mcu.externaltools.gnu-tools-for-stm32.10.3-2021.10.win32_1.0.200.202301161003/tools/bin/../lib/gcc/arm-none-eabi/10.3.1/thumb/v6-m/nofp/crtbegin.o
                [!provide]                        PROVIDE (__fini_array_end = .)
                0x0000000008001fb0                . = ALIGN (0x4)
                0x0000000008001fb0                _sidata = LOADADDR (.data)

.data           0x0000000020000000        0x4 load address 0x0000000008001fb0
                0x0000000020000000                . = ALIGN (0x4)
                0x0000000020000000                _sdata = .
 *(.data)
 *(.data*)
 .data.SystemCoreClock
                0x0000000020000000        0x4 ./Core/Src/system_stm32l0xx.o
                0x0000000020000000                SystemCoreClock
 *(.RamFunc)
 *(.RamFunc*)
                0x0000000020000004                . = ALIGN (0x4)
                0x0000000020000004                _edata = .

.igot.plt       0x0000000020000004        0x0 load address 0x0000000008001fb4
 .igot.plt      0x0000000020000004        0x0 c:/st/stm32cubeide_1.12.0/stm32cubeide/plugins/com.st.stm32cube.ide.mcu.externaltools.gnu-tools-for-stm32.10.3-2021.10.win32_1.0.200.202301161003/tools/bin/../lib/gcc/arm-none-eabi/10.3.1/thumb/v6-m/nofp/crtbegin.o
                0x0000000020000004                . = ALIGN (0x4)

.bss            0x0000000020000004       0x20 load address 0x0000000008001fb4
                0x0000000020000004                _sbss = .
                0x0000000020000004                __bss_start__ = _sbss
 *(.bss)
 .bss           0x0000000020000004       0x1c c:/st/stm32cubeide_1.12.0/stm32cubeide/plugins/com.st.stm32cube.ide.mcu.externaltools.gnu-tools-for-stm32.10.3-2021.10.win32_1.0.200.202301161003/tools/bin/../lib/gcc/arm-none-eabi/10.3.1/thumb/v6-m/nofp/crtbegin.o
 *(.bss*)
 .bss.up.1      0x0000000020000020        0x1 ./Core/Src/Led.o
 .bss.dc.0      0x0000000020000021        0x1 ./Core/Src/Led.o
 *(COMMON)
                0x0000000020000024                . = ALIGN (0x4)
 *fill*         0x0000000020000022        0x2 
                0x0000000020000024                _ebss = .
                0x0000000020000024                __bss_end__ = _ebss

._user_heap_stack
                0x0000000020000024      0x604 load address 0x0000000008001fb4
                0x0000000020000028                . = ALIGN (0x8)
 *fill*         0x0000000020000024        0x4 
                [!provide]                        PROVIDE (end = .)
                0x0000000020000028                PROVIDE (_end = .)
                0x0000000020000228                . = (. + _Min_Heap_Size)
 *fill*         0x0000000020000028      0x200 
                0x0000000020000628                . = (. + _Min_Stack_Size)
 *fill*         0x0000000020000228      0x400 
                0x0000000020000628                . = ALIGN (0x8)

/DISCARD/
 libc.a(*)
 libm.a(*)
 libgcc.a(*)

.ARM.attributes
                0x0000000000000000       0x28
 *(.ARM.attributes)
 .ARM.attributes
                0x0000000000000000       0x1e c:/st/stm32cubeide_1.12.0/stm32cubeide/plugins/com.st.stm32cube.ide.mcu.externaltools.gnu-tools-for-stm32.10.3-2021.10.win32_1.0.200.202301161003/tools/bin/../lib/gcc/arm-none-eabi/10.3.1/thumb/v6-m/nofp/crti.o
 .ARM.attributes
                0x000000000000001e       0x2c c:/st/stm32cubeide_1.12.0/stm32cubeide/plugins/com.st.stm32cube.ide.mcu.externaltools.gnu-tools-for-stm32.10.3-2021.10.win32_1.0.200.202301161003/tools/bin/../lib/gcc/arm-none-eabi/10.3.1/thumb/v6-m/nofp/crtbegin.o
 .ARM.attributes
                0x000000000000004a       0x2c ./Core/Src/Led.o
 .ARM.attributes
                0x0000000000000076       0x2c ./Core/Src/adc.o
 .ARM.attributes
                0x00000000000000a2       0x2c ./Core/Src/gpio.o
 .ARM.attributes
                0x00000000000000ce       0x2c ./Core/Src/main.o
 .ARM.attributes
                0x00000000000000fa       0x2c ./Core/Src/spi.o
 .ARM.attributes
                0x0000000000000126       0x2c ./Core/Src/stm32l0xx_it.o
 .ARM.attributes
                0x0000000000000152       0x2c ./Core/Src/system_stm32l0xx.o
 .ARM.attributes
                0x000000000000017e       0x2c ./Core/Src/tim.o
 .ARM.attributes
                0x00000000000001aa       0x2c ./Core/Src/usart.o
 .ARM.attributes
                0x00000000000001d6       0x22 ./Core/Startup/startup_stm32l021k4tx.o
 .ARM.attributes
                0x00000000000001f8       0x2c ./Drivers/STM32L0xx_HAL_Driver/Src/stm32l0xx_ll_adc.o
 .ARM.attributes
                0x0000000000000224       0x2c ./Drivers/STM32L0xx_HAL_Driver/Src/stm32l0xx_ll_gpio.o
 .ARM.attributes
                0x0000000000000250       0x2c ./Drivers/STM32L0xx_HAL_Driver/Src/stm32l0xx_ll_rcc.o
 .ARM.attributes
                0x000000000000027c       0x2c ./Drivers/STM32L0xx_HAL_Driver/Src/stm32l0xx_ll_spi.o
 .ARM.attributes
                0x00000000000002a8       0x2c ./Drivers/STM32L0xx_HAL_Driver/Src/stm32l0xx_ll_tim.o
 .ARM.attributes
                0x00000000000002d4       0x2c ./Drivers/STM32L0xx_HAL_Driver/Src/stm32l0xx_ll_usart.o
 .ARM.attributes
                0x0000000000000300       0x2c ./Drivers/STM32L0xx_HAL_Driver/Src/stm32l0xx_ll_utils.o
 .ARM.attributes
                0x000000000000032c       0x2c c:/st/stm32cubeide_1.12.0/stm32cubeide/plugins/com.st.stm32cube.ide.mcu.externaltools.gnu-tools-for-stm32.10.3-2021.10.win32_1.0.200.202301161003/tools/bin/../lib/gcc/arm-none-eabi/10.3.1/../../../../arm-none-eabi/lib/thumb/v6-m/nofp\libc_nano.a(lib_a-init.o)
 .ARM.attributes
                0x0000000000000358       0x2c c:/st/stm32cubeide_1.12.0/stm32cubeide/plugins/com.st.stm32cube.ide.mcu.externaltools.gnu-tools-for-stm32.10.3-2021.10.win32_1.0.200.202301161003/tools/bin/../lib/gcc/arm-none-eabi/10.3.1/../../../../arm-none-eabi/lib/thumb/v6-m/nofp\libc_nano.a(lib_a-memset.o)
 .ARM.attributes
                0x0000000000000384       0x1e c:/st/stm32cubeide_1.12.0/stm32cubeide/plugins/com.st.stm32cube.ide.mcu.externaltools.gnu-tools-for-stm32.10.3-2021.10.win32_1.0.200.202301161003/tools/bin/../lib/gcc/arm-none-eabi/10.3.1/thumb/v6-m/nofp\libgcc.a(_udivsi3.o)
 .ARM.attributes
                0x00000000000003a2       0x1e c:/st/stm32cubeide_1.12.0/stm32cubeide/plugins/com.st.stm32cube.ide.mcu.externaltools.gnu-tools-for-stm32.10.3-2021.10.win32_1.0.200.202301161003/tools/bin/../lib/gcc/arm-none-eabi/10.3.1/thumb/v6-m/nofp\libgcc.a(_dvmd_tls.o)
 .ARM.attributes
                0x00000000000003c0       0x1e c:/st/stm32cubeide_1.12.0/stm32cubeide/plugins/com.st.stm32cube.ide.mcu.externaltools.gnu-tools-for-stm32.10.3-2021.10.win32_1.0.200.202301161003/tools/bin/../lib/gcc/arm-none-eabi/10.3.1/thumb/v6-m/nofp/crtn.o
OUTPUT(firmware.elf elf32-littlearm)
LOAD linker stubs
LOAD c:/st/stm32cubeide_1.12.0/stm32cubeide/plugins/com.st.stm32cube.ide.mcu.externaltools.gnu-tools-for-stm32.10.3-2021.10.win32_1.0.200.202301161003/tools/bin/../lib/gcc/arm-none-eabi/10.3.1/../../../../arm-none-eabi/lib/thumb/v6-m/nofp\libc.a
LOAD c:/st/stm32cubeide_1.12.0/stm32cubeide/plugins/com.st.stm32cube.ide.mcu.externaltools.gnu-tools-for-stm32.10.3-2021.10.win32_1.0.200.202301161003/tools/bin/../lib/gcc/arm-none-eabi/10.3.1/../../../../arm-none-eabi/lib/thumb/v6-m/nofp\libm.a
LOAD c:/st/stm32cubeide_1.12.0/stm32cubeide/plugins/com.st.stm32cube.ide.mcu.externaltools.gnu-tools-for-stm32.10.3-2021.10.win32_1.0.200.202301161003/tools/bin/../lib/gcc/arm-none-eabi/10.3.1/thumb/v6-m/nofp\libgcc.a

.debug_info     0x0000000000000000     0x6642
 .debug_info    0x0000000000000000      0x375 ./Core/Src/Led.o
 .debug_info    0x0000000000000375      0x84e ./Core/Src/adc.o
 .debug_info    0x0000000000000bc3      0x469 ./Core/Src/gpio.o
 .debug_info    0x000000000000102c      0x895 ./Core/Src/main.o
 .debug_info    0x00000000000018c1      0x5e9 ./Core/Src/spi.o
 .debug_info    0x0000000000001eaa      0x16b ./Core/Src/stm32l0xx_it.o
 .debug_info    0x0000000000002015      0x302 ./Core/Src/system_stm32l0xx.o
 .debug_info    0x0000000000002317      0x835 ./Core/Src/tim.o
 .debug_info    0x0000000000002b4c      0x614 ./Core/Src/usart.o
 .debug_info    0x0000000000003160       0x22 ./Core/Startup/startup_stm32l021k4tx.o
 .debug_info    0x0000000000003182      0x783 ./Drivers/STM32L0xx_HAL_Driver/Src/stm32l0xx_ll_adc.o
 .debug_info    0x0000000000003905      0x5cc ./Drivers/STM32L0xx_HAL_Driver/Src/stm32l0xx_ll_gpio.o
 .debug_info    0x0000000000003ed1      0x78d ./Drivers/STM32L0xx_HAL_Driver/Src/stm32l0xx_ll_rcc.o
 .debug_info    0x000000000000465e      0x47c ./Drivers/STM32L0xx_HAL_Driver/Src/stm32l0xx_ll_spi.o
 .debug_info    0x0000000000004ada      0xc6d ./Drivers/STM32L0xx_HAL_Driver/Src/stm32l0xx_ll_tim.o
 .debug_info    0x0000000000005747      0x653 ./Drivers/STM32L0xx_HAL_Driver/Src/stm32l0xx_ll_usart.o
 .debug_info    0x0000000000005d9a      0x8a8 ./Drivers/STM32L0xx_HAL_Driver/Src/stm32l0xx_ll_utils.o

.debug_abbrev   0x0000000000000000     0x1a2f
 .debug_abbrev  0x0000000000000000      0x151 ./Core/Src/Led.o
 .debug_abbrev  0x0000000000000151      0x18c ./Core/Src/adc.o
 .debug_abbrev  0x00000000000002dd      0x191 ./Core/Src/gpio.o
 .debug_abbrev  0x000000000000046e      0x245 ./Core/Src/main.o
 .debug_abbrev  0x00000000000006b3      0x191 ./Core/Src/spi.o
 .debug_abbrev  0x0000000000000844       0x80 ./Core/Src/stm32l0xx_it.o
 .debug_abbrev  0x00000000000008c4      0x116 ./Core/Src/system_stm32l0xx.o
 .debug_abbrev  0x00000000000009da      0x191 ./Core/Src/tim.o
 .debug_abbrev  0x0000000000000b6b      0x191 ./Core/Src/usart.o
 .debug_abbrev  0x0000000000000cfc       0x12 ./Core/Startup/startup_stm32l021k4tx.o
 .debug_abbrev  0x0000000000000d0e      0x1d5 ./Drivers/STM32L0xx_HAL_Driver/Src/stm32l0xx_ll_adc.o
 .debug_abbrev  0x0000000000000ee3      0x19b ./Drivers/STM32L0xx_HAL_Driver/Src/stm32l0xx_ll_gpio.o
 .debug_abbrev  0x000000000000107e      0x214 ./Drivers/STM32L0xx_HAL_Driver/Src/stm32l0xx_ll_rcc.o
 .debug_abbrev  0x0000000000001292      0x17a ./Drivers/STM32L0xx_HAL_Driver/Src/stm32l0xx_ll_spi.o
 .debug_abbrev  0x000000000000140c      0x203 ./Drivers/STM32L0xx_HAL_Driver/Src/stm32l0xx_ll_tim.o
 .debug_abbrev  0x000000000000160f      0x1d0 ./Drivers/STM32L0xx_HAL_Driver/Src/stm32l0xx_ll_usart.o
 .debug_abbrev  0x00000000000017df      0x250 ./Drivers/STM32L0xx_HAL_Driver/Src/stm32l0xx_ll_utils.o

.debug_aranges  0x0000000000000000      0x7f8
 .debug_aranges
                0x0000000000000000       0x48 ./Core/Src/Led.o
 .debug_aranges
                0x0000000000000048       0x70 ./Core/Src/adc.o
 .debug_aranges
                0x00000000000000b8       0x30 ./Core/Src/gpio.o
 .debug_aranges
                0x00000000000000e8       0xa8 ./Core/Src/main.o
 .debug_aranges
                0x0000000000000190       0x38 ./Core/Src/spi.o
 .debug_aranges
                0x00000000000001c8       0x40 ./Core/Src/stm32l0xx_it.o
 .debug_aranges
                0x0000000000000208       0x28 ./Core/Src/system_stm32l0xx.o
 .debug_aranges
                0x0000000000000230       0x60 ./Core/Src/tim.o
 .debug_aranges
                0x0000000000000290       0x40 ./Core/Src/usart.o
 .debug_aranges
                0x00000000000002d0       0x28 ./Core/Startup/startup_stm32l021k4tx.o
 .debug_aranges
                0x00000000000002f8       0xa8 ./Drivers/STM32L0xx_HAL_Driver/Src/stm32l0xx_ll_adc.o
 .debug_aranges
                0x00000000000003a0       0x70 ./Drivers/STM32L0xx_HAL_Driver/Src/stm32l0xx_ll_gpio.o
 .debug_aranges
                0x0000000000000410      0x130 ./Drivers/STM32L0xx_HAL_Driver/Src/stm32l0xx_ll_rcc.o
 .debug_aranges
                0x0000000000000540       0x50 ./Drivers/STM32L0xx_HAL_Driver/Src/stm32l0xx_ll_spi.o
 .debug_aranges
                0x0000000000000590      0x100 ./Drivers/STM32L0xx_HAL_Driver/Src/stm32l0xx_ll_tim.o
 .debug_aranges
                0x0000000000000690       0x78 ./Drivers/STM32L0xx_HAL_Driver/Src/stm32l0xx_ll_usart.o
 .debug_aranges
                0x0000000000000708       0xf0 ./Drivers/STM32L0xx_HAL_Driver/Src/stm32l0xx_ll_utils.o

.debug_ranges   0x0000000000000000      0x6f0
 .debug_ranges  0x0000000000000000       0x38 ./Core/Src/Led.o
 .debug_ranges  0x0000000000000038       0x60 ./Core/Src/adc.o
 .debug_ranges  0x0000000000000098       0x20 ./Core/Src/gpio.o
 .debug_ranges  0x00000000000000b8       0x98 ./Core/Src/main.o
 .debug_ranges  0x0000000000000150       0x28 ./Core/Src/spi.o
 .debug_ranges  0x0000000000000178       0x30 ./Core/Src/stm32l0xx_it.o
 .debug_ranges  0x00000000000001a8       0x18 ./Core/Src/system_stm32l0xx.o
 .debug_ranges  0x00000000000001c0       0x50 ./Core/Src/tim.o
 .debug_ranges  0x0000000000000210       0x30 ./Core/Src/usart.o
 .debug_ranges  0x0000000000000240       0x20 ./Core/Startup/startup_stm32l021k4tx.o
 .debug_ranges  0x0000000000000260       0x98 ./Drivers/STM32L0xx_HAL_Driver/Src/stm32l0xx_ll_adc.o
 .debug_ranges  0x00000000000002f8       0x60 ./Drivers/STM32L0xx_HAL_Driver/Src/stm32l0xx_ll_gpio.o
 .debug_ranges  0x0000000000000358      0x120 ./Drivers/STM32L0xx_HAL_Driver/Src/stm32l0xx_ll_rcc.o
 .debug_ranges  0x0000000000000478       0x40 ./Drivers/STM32L0xx_HAL_Driver/Src/stm32l0xx_ll_spi.o
 .debug_ranges  0x00000000000004b8       0xf0 ./Drivers/STM32L0xx_HAL_Driver/Src/stm32l0xx_ll_tim.o
 .debug_ranges  0x00000000000005a8       0x68 ./Drivers/STM32L0xx_HAL_Driver/Src/stm32l0xx_ll_usart.o
 .debug_ranges  0x0000000000000610       0xe0 ./Drivers/STM32L0xx_HAL_Driver/Src/stm32l0xx_ll_utils.o

.debug_macro    0x0000000000000000     0xcfdd
 .debug_macro   0x0000000000000000      0x158 ./Core/Src/Led.o
 .debug_macro   0x0000000000000158      0xa90 ./Core/Src/Led.o
 .debug_macro   0x0000000000000be8       0x2e ./Core/Src/Led.o
 .debug_macro   0x0000000000000c16       0x28 ./Core/Src/Led.o
 .debug_macro   0x0000000000000c3e       0x22 ./Core/Src/Led.o
 .debug_macro   0x0000000000000c60       0x8e ./Core/Src/Led.o
 .debug_macro   0x0000000000000cee       0x51 ./Core/Src/Led.o
 .debug_macro   0x0000000000000d3f      0x103 ./Core/Src/Led.o
 .debug_macro   0x0000000000000e42       0x6a ./Core/Src/Led.o
 .debug_macro   0x0000000000000eac      0x1df ./Core/Src/Led.o
 .debug_macro   0x000000000000108b       0x1c ./Core/Src/Led.o
 .debug_macro   0x00000000000010a7       0x22 ./Core/Src/Led.o
 .debug_macro   0x00000000000010c9       0xaf ./Core/Src/Led.o
 .debug_macro   0x0000000000001178      0x3ad ./Core/Src/Led.o
 .debug_macro   0x0000000000001525     0x7e04 ./Core/Src/Led.o
 .debug_macro   0x0000000000009329       0x66 ./Core/Src/Led.o
 .debug_macro   0x000000000000938f      0x6bf ./Core/Src/Led.o
 .debug_macro   0x0000000000009a4e      0x3b4 ./Core/Src/Led.o
 .debug_macro   0x0000000000009e02       0xad ./Core/Src/Led.o
 .debug_macro   0x0000000000009eaf      0x13d ./Core/Src/Led.o
 .debug_macro   0x0000000000009fec      0x109 ./Core/Src/Led.o
 .debug_macro   0x000000000000a0f5       0x16 ./Core/Src/Led.o
 .debug_macro   0x000000000000a10b       0x2a ./Core/Src/Led.o
 .debug_macro   0x000000000000a135       0xdb ./Core/Src/Led.o
 .debug_macro   0x000000000000a210      0x285 ./Core/Src/Led.o
 .debug_macro   0x000000000000a495      0x124 ./Core/Src/Led.o
 .debug_macro   0x000000000000a5b9      0x545 ./Core/Src/Led.o
 .debug_macro   0x000000000000aafe      0x30c ./Core/Src/Led.o
 .debug_macro   0x000000000000ae0a      0x12d ./Core/Src/Led.o
 .debug_macro   0x000000000000af37       0x3a ./Core/Src/Led.o
 .debug_macro   0x000000000000af71      0x158 ./Core/Src/adc.o
 .debug_macro   0x000000000000b0c9      0x158 ./Core/Src/gpio.o
 .debug_macro   0x000000000000b221      0x18e ./Core/Src/main.o
 .debug_macro   0x000000000000b3af      0x158 ./Core/Src/spi.o
 .debug_macro   0x000000000000b507      0x158 ./Core/Src/stm32l0xx_it.o
 .debug_macro   0x000000000000b65f       0xba ./Core/Src/system_stm32l0xx.o
 .debug_macro   0x000000000000b719      0x158 ./Core/Src/tim.o
 .debug_macro   0x000000000000b871      0x158 ./Core/Src/usart.o
 .debug_macro   0x000000000000b9c9      0x131 ./Drivers/STM32L0xx_HAL_Driver/Src/stm32l0xx_ll_adc.o
 .debug_macro   0x000000000000bafa       0xfc ./Drivers/STM32L0xx_HAL_Driver/Src/stm32l0xx_ll_gpio.o
 .debug_macro   0x000000000000bbf6      0x127 ./Drivers/STM32L0xx_HAL_Driver/Src/stm32l0xx_ll_gpio.o
 .debug_macro   0x000000000000bd1d       0xe7 ./Drivers/STM32L0xx_HAL_Driver/Src/stm32l0xx_ll_rcc.o
 .debug_macro   0x000000000000be04      0x3ae ./Drivers/STM32L0xx_HAL_Driver/Src/stm32l0xx_ll_rcc.o
 .debug_macro   0x000000000000c1b2      0x123 ./Drivers/STM32L0xx_HAL_Driver/Src/stm32l0xx_ll_spi.o
 .debug_macro   0x000000000000c2d5      0x11e ./Drivers/STM32L0xx_HAL_Driver/Src/stm32l0xx_ll_spi.o
 .debug_macro   0x000000000000c3f3      0x11a ./Drivers/STM32L0xx_HAL_Driver/Src/stm32l0xx_ll_tim.o
 .debug_macro   0x000000000000c50d      0x53f ./Drivers/STM32L0xx_HAL_Driver/Src/stm32l0xx_ll_tim.o
 .debug_macro   0x000000000000ca4c      0x129 ./Drivers/STM32L0xx_HAL_Driver/Src/stm32l0xx_ll_usart.o
 .debug_macro   0x000000000000cb75      0x306 ./Drivers/STM32L0xx_HAL_Driver/Src/stm32l0xx_ll_usart.o
 .debug_macro   0x000000000000ce7b      0x162 ./Drivers/STM32L0xx_HAL_Driver/Src/stm32l0xx_ll_utils.o

.debug_line     0x0000000000000000     0x735e
 .debug_line    0x0000000000000000      0x694 ./Core/Src/Led.o
 .debug_line    0x0000000000000694      0x723 ./Core/Src/adc.o
 .debug_line    0x0000000000000db7      0x634 ./Core/Src/gpio.o
 .debug_line    0x00000000000013eb      0x8a9 ./Core/Src/main.o
 .debug_line    0x0000000000001c94      0x690 ./Core/Src/spi.o
 .debug_line    0x0000000000002324      0x632 ./Core/Src/stm32l0xx_it.o
 .debug_line    0x0000000000002956      0x513 ./Core/Src/system_stm32l0xx.o
 .debug_line    0x0000000000002e69      0x795 ./Core/Src/tim.o
 .debug_line    0x00000000000035fe      0x694 ./Core/Src/usart.o
 .debug_line    0x0000000000003c92       0x9b ./Core/Startup/startup_stm32l021k4tx.o
 .debug_line    0x0000000000003d2d      0x722 ./Drivers/STM32L0xx_HAL_Driver/Src/stm32l0xx_ll_adc.o
 .debug_line    0x000000000000444f      0x633 ./Drivers/STM32L0xx_HAL_Driver/Src/stm32l0xx_ll_gpio.o
 .debug_line    0x0000000000004a82      0xa53 ./Drivers/STM32L0xx_HAL_Driver/Src/stm32l0xx_ll_rcc.o
 .debug_line    0x00000000000054d5      0x5ba ./Drivers/STM32L0xx_HAL_Driver/Src/stm32l0xx_ll_spi.o
 .debug_line    0x0000000000005a8f      0x90b ./Drivers/STM32L0xx_HAL_Driver/Src/stm32l0xx_ll_tim.o
 .debug_line    0x000000000000639a      0x68e ./Drivers/STM32L0xx_HAL_Driver/Src/stm32l0xx_ll_usart.o
 .debug_line    0x0000000000006a28      0x936 ./Drivers/STM32L0xx_HAL_Driver/Src/stm32l0xx_ll_utils.o

.debug_str      0x0000000000000000    0x43028
 .debug_str     0x0000000000000000    0x3e193 ./Core/Src/Led.o
                                      0x3e3cf (size before relaxing)
 .debug_str     0x000000000003e193      0x3dd ./Core/Src/adc.o
                                      0x3e723 (size before relaxing)
 .debug_str     0x000000000003e570       0x95 ./Core/Src/gpio.o
                                      0x3e490 (size before relaxing)
 .debug_str     0x000000000003e605      0x3bb ./Core/Src/main.o
                                      0x3e85a (size before relaxing)
 .debug_str     0x000000000003e9c0       0xcd ./Core/Src/spi.o
                                      0x3e54f (size before relaxing)
 .debug_str     0x000000000003ea8d       0x76 ./Core/Src/stm32l0xx_it.o
                                      0x3e340 (size before relaxing)
 .debug_str     0x000000000003eb03       0x89 ./Core/Src/system_stm32l0xx.o
                                      0x31153 (size before relaxing)
 .debug_str     0x000000000003eb8c      0x177 ./Core/Src/tim.o
                                      0x3e675 (size before relaxing)
 .debug_str     0x000000000003ed03       0xc1 ./Core/Src/usart.o
                                      0x3e55f (size before relaxing)
 .debug_str     0x000000000003edc4       0x36 ./Core/Startup/startup_stm32l021k4tx.o
                                         0x7a (size before relaxing)
 .debug_str     0x000000000003edfa      0xe39 ./Drivers/STM32L0xx_HAL_Driver/Src/stm32l0xx_ll_adc.o
                                      0x36b90 (size before relaxing)
 .debug_str     0x000000000003fc33      0x539 ./Drivers/STM32L0xx_HAL_Driver/Src/stm32l0xx_ll_gpio.o
                                      0x32254 (size before relaxing)
 .debug_str     0x000000000004016c      0x547 ./Drivers/STM32L0xx_HAL_Driver/Src/stm32l0xx_ll_rcc.o
                                      0x32f58 (size before relaxing)
 .debug_str     0x00000000000406b3      0x744 ./Drivers/STM32L0xx_HAL_Driver/Src/stm32l0xx_ll_spi.o
                                      0x33c96 (size before relaxing)
 .debug_str     0x0000000000040df7      0xd6e ./Drivers/STM32L0xx_HAL_Driver/Src/stm32l0xx_ll_tim.o
                                      0x34eba (size before relaxing)
 .debug_str     0x0000000000041b65      0x7e6 ./Drivers/STM32L0xx_HAL_Driver/Src/stm32l0xx_ll_usart.o
                                      0x34832 (size before relaxing)
 .debug_str     0x000000000004234b      0xcdd ./Drivers/STM32L0xx_HAL_Driver/Src/stm32l0xx_ll_utils.o
                                      0x34681 (size before relaxing)

.comment        0x0000000000000000       0x50
 .comment       0x0000000000000000       0x50 ./Core/Src/Led.o
                                         0x51 (size before relaxing)
 .comment       0x0000000000000050       0x51 ./Core/Src/adc.o
 .comment       0x0000000000000050       0x51 ./Core/Src/gpio.o
 .comment       0x0000000000000050       0x51 ./Core/Src/main.o
 .comment       0x0000000000000050       0x51 ./Core/Src/spi.o
 .comment       0x0000000000000050       0x51 ./Core/Src/stm32l0xx_it.o
 .comment       0x0000000000000050       0x51 ./Core/Src/system_stm32l0xx.o
 .comment       0x0000000000000050       0x51 ./Core/Src/tim.o
 .comment       0x0000000000000050       0x51 ./Core/Src/usart.o
 .comment       0x0000000000000050       0x51 ./Drivers/STM32L0xx_HAL_Driver/Src/stm32l0xx_ll_adc.o
 .comment       0x0000000000000050       0x51 ./Drivers/STM32L0xx_HAL_Driver/Src/stm32l0xx_ll_gpio.o
 .comment       0x0000000000000050       0x51 ./Drivers/STM32L0xx_HAL_Driver/Src/stm32l0xx_ll_rcc.o
 .comment       0x0000000000000050       0x51 ./Drivers/STM32L0xx_HAL_Driver/Src/stm32l0xx_ll_spi.o
 .comment       0x0000000000000050       0x51 ./Drivers/STM32L0xx_HAL_Driver/Src/stm32l0xx_ll_tim.o
 .comment       0x0000000000000050       0x51 ./Drivers/STM32L0xx_HAL_Driver/Src/stm32l0xx_ll_usart.o
 .comment       0x0000000000000050       0x51 ./Drivers/STM32L0xx_HAL_Driver/Src/stm32l0xx_ll_utils.o

.debug_frame    0x0000000000000000     0x1a08
 .debug_frame   0x0000000000000000       0xc8 ./Core/Src/Led.o
 .debug_frame   0x00000000000000c8      0x174 ./Core/Src/adc.o
 .debug_frame   0x000000000000023c       0x70 ./Core/Src/gpio.o
 .debug_frame   0x00000000000002ac      0x234 ./Core/Src/main.o
 .debug_frame   0x00000000000004e0       0x90 ./Core/Src/spi.o
 .debug_frame   0x0000000000000570       0x9c ./Core/Src/stm32l0xx_it.o
 .debug_frame   0x000000000000060c       0x4c ./Core/Src/system_stm32l0xx.o
 .debug_frame   0x0000000000000658      0x134 ./Core/Src/tim.o
 .debug_frame   0x000000000000078c       0xb0 ./Core/Src/usart.o
 .debug_frame   0x000000000000083c      0x250 ./Drivers/STM32L0xx_HAL_Driver/Src/stm32l0xx_ll_adc.o
 .debug_frame   0x0000000000000a8c      0x170 ./Drivers/STM32L0xx_HAL_Driver/Src/stm32l0xx_ll_gpio.o
 .debug_frame   0x0000000000000bfc      0x42c ./Drivers/STM32L0xx_HAL_Driver/Src/stm32l0xx_ll_rcc.o
 .debug_frame   0x0000000000001028       0xf0 ./Drivers/STM32L0xx_HAL_Driver/Src/stm32l0xx_ll_spi.o
 .debug_frame   0x0000000000001118      0x3b0 ./Drivers/STM32L0xx_HAL_Driver/Src/stm32l0xx_ll_tim.o
 .debug_frame   0x00000000000014c8      0x190 ./Drivers/STM32L0xx_HAL_Driver/Src/stm32l0xx_ll_usart.o
 .debug_frame   0x0000000000001658      0x344 ./Drivers/STM32L0xx_HAL_Driver/Src/stm32l0xx_ll_utils.o
 .debug_frame   0x000000000000199c       0x2c c:/st/stm32cubeide_1.12.0/stm32cubeide/plugins/com.st.stm32cube.ide.mcu.externaltools.gnu-tools-for-stm32.10.3-2021.10.win32_1.0.200.202301161003/tools/bin/../lib/gcc/arm-none-eabi/10.3.1/../../../../arm-none-eabi/lib/thumb/v6-m/nofp\libc_nano.a(lib_a-init.o)
 .debug_frame   0x00000000000019c8       0x20 c:/st/stm32cubeide_1.12.0/stm32cubeide/plugins/com.st.stm32cube.ide.mcu.externaltools.gnu-tools-for-stm32.10.3-2021.10.win32_1.0.200.202301161003/tools/bin/../lib/gcc/arm-none-eabi/10.3.1/../../../../arm-none-eabi/lib/thumb/v6-m/nofp\libc_nano.a(lib_a-memset.o)
 .debug_frame   0x00000000000019e8       0x20 c:/st/stm32cubeide_1.12.0/stm32cubeide/plugins/com.st.stm32cube.ide.mcu.externaltools.gnu-tools-for-stm32.10.3-2021.10.win32_1.0.200.202301161003/tools/bin/../lib/gcc/arm-none-eabi/10.3.1/thumb/v6-m/nofp\libgcc.a(_udivsi3.o)
